Archive member included to satisfy reference by file (symbol)

/usr/lib/gcc/arm-none-eabi/10.1.0/thumb/v7-m/nofp/libgcc.a(_arm_muldf3.o)
                              ./src/bps120/bps120.o (__aeabi_dmul)
/usr/lib/gcc/arm-none-eabi/10.1.0/thumb/v7-m/nofp/libgcc.a(_arm_addsubdf3.o)
                              ./src/bps120/bps120.o (__aeabi_dsub)
/usr/lib/gcc/arm-none-eabi/10.1.0/thumb/v7-m/nofp/libgcc.a(_arm_muldivdf3.o)
                              ./src/bps120/bps120.o (__aeabi_ddiv)
/usr/lib/gcc/arm-none-eabi/10.1.0/thumb/v7-m/nofp/libgcc.a(_arm_truncdfsf2.o)
                              ./src/bps120/bps120.o (__aeabi_d2f)
/usr/lib/gcc/arm-none-eabi/10.1.0/thumb/v7-m/nofp/libgcc.a(_arm_addsubsf3.o)
                              ./src/sfm3019-0.1.1/sfm_common.o (__aeabi_i2f)
/usr/lib/gcc/arm-none-eabi/10.1.0/thumb/v7-m/nofp/libgcc.a(_arm_muldivsf3.o)
                              ./src/sfm3019-0.1.1/sfm_common.o (__aeabi_fdiv)
/usr/lib/gcc/arm-none-eabi/10.1.0/../../../../arm-none-eabi/lib/thumb/v7-m/nofp/libg_nano.a(lib_a-errno.o)
                              ./system/src/newlib/_sbrk.o (__errno)
/usr/lib/gcc/arm-none-eabi/10.1.0/../../../../arm-none-eabi/lib/thumb/v7-m/nofp/libg_nano.a(lib_a-impure.o)
                              /usr/lib/gcc/arm-none-eabi/10.1.0/../../../../arm-none-eabi/lib/thumb/v7-m/nofp/libg_nano.a(lib_a-errno.o) (_impure_ptr)
/usr/lib/gcc/arm-none-eabi/10.1.0/../../../../arm-none-eabi/lib/thumb/v7-m/nofp/libg_nano.a(lib_a-memcpy-stub.o)
                              ./system/src/freeRTOS/queue.o (memcpy)
/usr/lib/gcc/arm-none-eabi/10.1.0/../../../../arm-none-eabi/lib/thumb/v7-m/nofp/libg_nano.a(lib_a-memset.o)
                              ./system/src/freeRTOS/stream_buffer.o (memset)

Discarded input sections

 .group         0x0000000000000000        0xc ./system/src/newlib/_cxx.o
 .group         0x0000000000000000        0xc ./system/src/newlib/_cxx.o
 .group         0x0000000000000000        0xc ./system/src/newlib/_cxx.o
 .group         0x0000000000000000        0xc ./system/src/newlib/_cxx.o
 .group         0x0000000000000000        0xc ./system/src/newlib/_cxx.o
 .group         0x0000000000000000        0xc ./system/src/newlib/_cxx.o
 .group         0x0000000000000000        0xc ./system/src/newlib/_cxx.o
 .group         0x0000000000000000        0xc ./system/src/newlib/_cxx.o
 .group         0x0000000000000000        0xc ./system/src/newlib/_cxx.o
 .group         0x0000000000000000        0xc ./system/src/newlib/_cxx.o
 .group         0x0000000000000000        0xc ./system/src/newlib/_cxx.o
 .group         0x0000000000000000        0xc ./system/src/newlib/_cxx.o
 .group         0x0000000000000000        0xc ./system/src/newlib/_cxx.o
 .group         0x0000000000000000        0xc ./system/src/newlib/_cxx.o
 .group         0x0000000000000000        0xc ./system/src/newlib/_cxx.o
 .group         0x0000000000000000        0xc ./system/src/newlib/_cxx.o
 .group         0x0000000000000000        0xc ./system/src/newlib/_cxx.o
 .group         0x0000000000000000        0xc ./system/src/newlib/_cxx.o
 .group         0x0000000000000000        0xc ./system/src/newlib/_cxx.o
 .group         0x0000000000000000        0xc ./system/src/newlib/_cxx.o
 .group         0x0000000000000000        0xc ./system/src/newlib/_cxx.o
 .group         0x0000000000000000        0xc ./system/src/newlib/_cxx.o
 .group         0x0000000000000000        0xc ./system/src/newlib/_cxx.o
 .group         0x0000000000000000        0xc ./system/src/newlib/_cxx.o
 .group         0x0000000000000000        0xc ./system/src/newlib/_cxx.o
 .group         0x0000000000000000        0xc ./system/src/newlib/_cxx.o
 .group         0x0000000000000000        0xc ./system/src/newlib/_cxx.o
 .group         0x0000000000000000        0xc ./system/src/newlib/_cxx.o
 .group         0x0000000000000000        0xc ./system/src/newlib/_cxx.o
 .group         0x0000000000000000        0xc ./system/src/newlib/_cxx.o
 .group         0x0000000000000000        0xc ./system/src/newlib/_cxx.o
 .group         0x0000000000000000        0xc ./system/src/newlib/_cxx.o
 .group         0x0000000000000000        0xc ./system/src/newlib/_cxx.o
 .group         0x0000000000000000        0xc ./system/src/newlib/_cxx.o
 .group         0x0000000000000000        0xc ./system/src/newlib/_cxx.o
 .group         0x0000000000000000        0xc ./system/src/newlib/_cxx.o
 .group         0x0000000000000000        0xc ./system/src/newlib/_cxx.o
 .group         0x0000000000000000        0xc ./system/src/newlib/_cxx.o
 .group         0x0000000000000000        0xc ./system/src/newlib/_cxx.o
 .text          0x0000000000000000        0x0 ./system/src/newlib/_cxx.o
 .data          0x0000000000000000        0x0 ./system/src/newlib/_cxx.o
 .bss           0x0000000000000000        0x0 ./system/src/newlib/_cxx.o
 .text._ZN9__gnu_cxx27__verbose_terminate_handlerEv
                0x0000000000000000        0x6 ./system/src/newlib/_cxx.o
 .text.__cxa_pure_virtual
[...]
Memory Configuration

Name             Origin             Length             Attributes
RAM              0x0000000020000000 0x0000000000005000 xrw
CCMRAM           0x0000000000000000 0x0000000000000000 xrw
FLASH            0x0000000008000000 0x0000000000020000 xr
FLASHB1          0x0000000000000000 0x0000000000000000 xr
EXTMEMB0         0x0000000000000000 0x0000000000000000 xr
EXTMEMB1         0x0000000000000000 0x0000000000000000 xr
EXTMEMB2         0x0000000000000000 0x0000000000000000 xr
EXTMEMB3         0x0000000000000000 0x0000000000000000 xr
MEMORY_ARRAY     0x0000000000000000 0x0000000000000000 xrw
*default*        0x0000000000000000 0xffffffffffffffff

Linker script and memory map

LOAD ./system/src/newlib/_cxx.o
LOAD ./system/src/newlib/_exit.o
LOAD ./system/src/newlib/_sbrk.o
LOAD ./system/src/newlib/_startup.o
LOAD ./system/src/newlib/_syscalls.o
LOAD ./system/src/newlib/assert.o
LOAD ./system/src/gd32f10x_standart_peripheral/gd32f10x_adc.o
LOAD ./system/src/gd32f10x_standart_peripheral/gd32f10x_bkp.o
LOAD ./system/src/gd32f10x_standart_peripheral/gd32f10x_can.o
LOAD ./system/src/gd32f10x_standart_peripheral/gd32f10x_crc.o
LOAD ./system/src/gd32f10x_standart_peripheral/gd32f10x_dac.o
LOAD ./system/src/gd32f10x_standart_peripheral/gd32f10x_dbg.o
LOAD ./system/src/gd32f10x_standart_peripheral/gd32f10x_dma.o
LOAD ./system/src/gd32f10x_standart_peripheral/gd32f10x_enet.o
LOAD ./system/src/gd32f10x_standart_peripheral/gd32f10x_exmc.o
LOAD ./system/src/gd32f10x_standart_peripheral/gd32f10x_exti.o
LOAD ./system/src/gd32f10x_standart_peripheral/gd32f10x_fmc.o
LOAD ./system/src/gd32f10x_standart_peripheral/gd32f10x_fwdgt.o
LOAD ./system/src/gd32f10x_standart_peripheral/gd32f10x_gpio.o
LOAD ./system/src/gd32f10x_standart_peripheral/gd32f10x_i2c.o
LOAD ./system/src/gd32f10x_standart_peripheral/gd32f10x_misc.o
LOAD ./system/src/gd32f10x_standart_peripheral/gd32f10x_pmu.o
LOAD ./system/src/gd32f10x_standart_peripheral/gd32f10x_rcu.o
LOAD ./system/src/gd32f10x_standart_peripheral/gd32f10x_rtc.o
LOAD ./system/src/gd32f10x_standart_peripheral/gd32f10x_sdio.o
LOAD ./system/src/gd32f10x_standart_peripheral/gd32f10x_spi.o
LOAD ./system/src/gd32f10x_standart_peripheral/gd32f10x_timer.o
LOAD ./system/src/gd32f10x_standart_peripheral/gd32f10x_usart.o
LOAD ./system/src/gd32f10x_standart_peripheral/gd32f10x_wwdgt.o
LOAD ./system/src/freeRTOS/gcc_arm_cm3/port.o
LOAD ./system/src/freeRTOS/MemMang/heap_5.o
LOAD ./system/src/freeRTOS/croutine.o
LOAD ./system/src/freeRTOS/event_groups.o
LOAD ./system/src/freeRTOS/list.o
LOAD ./system/src/freeRTOS/queue.o
LOAD ./system/src/freeRTOS/stream_buffer.o
LOAD ./system/src/freeRTOS/tasks.o
LOAD ./system/src/freeRTOS/timers.o
LOAD ./system/src/diag/Trace.o
LOAD ./system/src/diag/trace_impl.o
LOAD ./system/src/cortexm/_initialize_hardware.o
LOAD ./system/src/cortexm/_reset_hardware.o
LOAD ./system/src/cortexm/exception_handlers.o
LOAD ./system/src/cmsis/system_gd32f10x.o
LOAD ./system/src/cmsis/vectors_stm32f10x.o
LOAD ./src/sfm3019-0.1.1/sensirion_common.o
LOAD ./src/sfm3019-0.1.1/sensirion_hw_i2c_implementation.o
LOAD ./src/sfm3019-0.1.1/sfm3019.o
LOAD ./src/sfm3019-0.1.1/sfm_common.o
LOAD ./src/bps120/bps120.o
LOAD ./src/_write.o
LOAD ./src/i2c_implementation.o
LOAD ./src/main.o
LOAD /usr/lib/gcc/arm-none-eabi/10.1.0/../../../../arm-none-eabi/lib/thumb/v7-m/nofp/libstdc++_nano.a
LOAD /usr/lib/gcc/arm-none-eabi/10.1.0/../../../../arm-none-eabi/lib/thumb/v7-m/nofp/libm.a
START GROUP
LOAD /usr/lib/gcc/arm-none-eabi/10.1.0/thumb/v7-m/nofp/libgcc.a
LOAD /usr/lib/gcc/arm-none-eabi/10.1.0/../../../../arm-none-eabi/lib/thumb/v7-m/nofp/libg_nano.a
LOAD /usr/lib/gcc/arm-none-eabi/10.1.0/../../../../arm-none-eabi/lib/thumb/v7-m/nofp/libc_nano.a
END GROUP
START GROUP
LOAD /usr/lib/gcc/arm-none-eabi/10.1.0/thumb/v7-m/nofp/libgcc.a
LOAD /usr/lib/gcc/arm-none-eabi/10.1.0/../../../../arm-none-eabi/lib/thumb/v7-m/nofp/libc_nano.a
END GROUP
                0x0000000020005000                __stack = (ORIGIN (RAM) + LENGTH (RAM))
                0x0000000020005000                _estack = __stack
                0x0000000000000400                __Main_Stack_Size = 0x400
                [!provide]                        PROVIDE (_Main_Stack_Size = __Main_Stack_Size)
                0x0000000020004c00                __Main_Stack_Limit = (__stack - __Main_Stack_Size)
                [!provide]                        PROVIDE (_Main_Stack_Limit = __Main_Stack_Limit)
                0x0000000000000100                _Minimum_Stack_Size = 0x100
                0x000000002000014c                PROVIDE (_Heap_Begin = _end_noinit)
                0x0000000020004c00                PROVIDE (_Heap_Limit = (__stack - __Main_Stack_Size))

.isr_vector     0x0000000008000000      0x36c
 FILL mask 0xff
                0x0000000008000000                __vectors_start = ABSOLUTE (.)
                0x0000000008000000                __vectors_start__ = ABSOLUTE (.)
 *(.isr_vector)
 .isr_vector    0x0000000008000000      0x1e4 ./system/src/cmsis/vectors_stm32f10x.o
                0x0000000008000000                __isr_vectors
 *(.cfmconfig)
 *(.after_vectors .after_vectors.*)
 .after_vectors
                0x00000000080001e4      0x114 ./system/src/newlib/_startup.o
                0x00000000080001e4                _start
 .after_vectors
                0x00000000080002f8       0x70 ./system/src/cortexm/exception_handlers.o
                0x00000000080002f8                Reset_Handler
                0x00000000080002fe                NMI_Handler
                0x0000000008000302                HardFault_Handler
                0x0000000008000316                HardFault_Handler_C
                0x000000000800031a                MemManage_Handler
                0x000000000800031e                BusFault_Handler
                0x0000000008000332                BusFault_Handler_C
                0x0000000008000336                UsageFault_Handler
                0x000000000800034a                UsageFault_Handler_C
                0x0000000008000352                DebugMon_Handler
 .after_vectors
                0x0000000008000368        0x4 ./system/src/cmsis/vectors_stm32f10x.o
                0x0000000008000368                EXTI2_IRQHandler
                0x0000000008000368                TIM8_TRG_COM_IRQHandler
                0x0000000008000368                TIM8_CC_IRQHandler
                0x0000000008000368                TIM1_CC_IRQHandler
                0x0000000008000368                TIM6_IRQHandler
                0x0000000008000368                PVD_IRQHandler
                0x0000000008000368                SDIO_IRQHandler
                0x0000000008000368                CAN2_RX1_IRQHandler
                0x0000000008000368                EXTI3_IRQHandler
                0x0000000008000368                TIM8_TRG_COM_TIM14_IRQHandler
                0x0000000008000368                TIM1_UP_TIM10_IRQHandler
                0x0000000008000368                TIM8_UP_TIM13_IRQHandler
                0x0000000008000368                EXTI0_IRQHandler
                0x0000000008000368                I2C2_EV_IRQHandler
                0x0000000008000368                CAN1_RX0_IRQHandler
                0x0000000008000368                TIM1_UP_TIM16_IRQHandler
                0x0000000008000368                CAN2_SCE_IRQHandler
                0x0000000008000368                ADC1_2_IRQHandler
                0x0000000008000368                SPI1_IRQHandler
                0x0000000008000368                TAMPER_IRQHandler
                0x0000000008000368                TIM6_DAC_IRQHandler
                0x0000000008000368                TIM1_BRK_TIM9_IRQHandler
                0x0000000008000368                CAN2_RX0_IRQHandler
                0x0000000008000368                TIM8_UP_IRQHandler
                0x0000000008000368                DMA2_Channel2_IRQHandler
                0x0000000008000368                DMA1_Channel4_IRQHandler
                0x0000000008000368                USART3_IRQHandler
                0x0000000008000368                RTC_IRQHandler
                0x0000000008000368                DMA1_Channel7_IRQHandler
                0x0000000008000368                CAN1_RX1_IRQHandler
                0x0000000008000368                UART5_IRQHandler
                0x0000000008000368                ADC3_IRQHandler
                0x0000000008000368                TIM4_IRQHandler
                0x0000000008000368                DMA2_Channel1_IRQHandler
                0x0000000008000368                I2C1_EV_IRQHandler
                0x0000000008000368                DMA1_Channel6_IRQHandler
                0x0000000008000368                UART4_IRQHandler
                0x0000000008000368                DMA2_Channel4_IRQHandler
                0x0000000008000368                TIM3_IRQHandler
                0x0000000008000368                RCC_IRQHandler
                0x0000000008000368                TIM8_BRK_TIM12_IRQHandler
                0x0000000008000368                TIM1_TRG_COM_IRQHandler
                0x0000000008000368                DMA1_Channel1_IRQHandler
                0x0000000008000368                Default_Handler
                0x0000000008000368                CEC_IRQHandler
                0x0000000008000368                EXTI15_10_IRQHandler
                0x0000000008000368                TIM14_IRQHandler
                0x0000000008000368                TIM13_IRQHandler
                0x0000000008000368                TIM12_IRQHandler
                0x0000000008000368                TIM7_IRQHandler
                0x0000000008000368                CAN2_TX_IRQHandler
                0x0000000008000368                TIM5_IRQHandler
                0x0000000008000368                EXTI9_5_IRQHandler
                0x0000000008000368                ETH_WKUP_IRQHandler
                0x0000000008000368                SPI2_IRQHandler
                0x0000000008000368                CAN1_TX_IRQHandler
                0x0000000008000368                DMA2_Channel5_IRQHandler
                0x0000000008000368                DMA1_Channel5_IRQHandler
                0x0000000008000368                EXTI4_IRQHandler
                0x0000000008000368                USB_LP_CAN1_RX0_IRQHandler
                0x0000000008000368                TIM1_TRG_COM_TIM17_IRQHandler
                0x0000000008000368                USB_HP_CAN1_TX_IRQHandler
                0x0000000008000368                DMA1_Channel3_IRQHandler
                0x0000000008000368                FSMC_IRQHandler
                0x0000000008000368                ETH_IRQHandler
                0x0000000008000368                TIM1_UP_IRQHandler
                0x0000000008000368                WWDG_IRQHandler
                0x0000000008000368                TIM2_IRQHandler
                0x0000000008000368                OTG_FS_WKUP_IRQHandler
                0x0000000008000368                TIM1_TRG_COM_TIM11_IRQHandler
                0x0000000008000368                TIM1_BRK_IRQHandler
                0x0000000008000368                EXTI1_IRQHandler
                0x0000000008000368                RTCAlarm_IRQHandler
                0x0000000008000368                DMA2_Channel4_5_IRQHandler
                0x0000000008000368                USART2_IRQHandler
                0x0000000008000368                I2C2_ER_IRQHandler
                0x0000000008000368                DMA1_Channel2_IRQHandler
                0x0000000008000368                TIM8_BRK_IRQHandler
                0x0000000008000368                CAN1_SCE_IRQHandler
                0x0000000008000368                FLASH_IRQHandler
                0x0000000008000368                USART1_IRQHandler
                0x0000000008000368                OTG_FS_IRQHandler
                0x0000000008000368                SPI3_IRQHandler
                0x0000000008000368                I2C1_ER_IRQHandler
                0x0000000008000368                USBWakeUp_IRQHandler
                0x0000000008000368                DMA2_Channel3_IRQHandler
                0x0000000008000368                TIM1_BRK_TIM15_IRQHandler

.inits          0x000000000800036c       0x28
                0x000000000800036c                __data_regions_array_start = .
                0x000000000800036c        0x4 LONG 0x8001210 LOADADDR (.data)
                0x0000000008000370        0x4 LONG 0x20000000 ADDR (.data)
                0x0000000008000374        0x4 LONG 0x20000018 (ADDR (.data) + SIZEOF (.data))
                0x0000000008000378        0x4 LONG 0x8001210 LOADADDR (.data_CCMRAM)
                0x000000000800037c        0x4 LONG 0x0 ADDR (.data_CCMRAM)
                0x0000000008000380        0x4 LONG 0x0 (ADDR (.data_CCMRAM) + SIZEOF (.data_CCMRAM))
                0x0000000008000384                __data_regions_array_end = .
                0x0000000008000384                __bss_regions_array_start = .
                0x0000000008000384        0x4 LONG 0x20000018 ADDR (.bss)
                0x0000000008000388        0x4 LONG 0x2000014c (ADDR (.bss) + SIZEOF (.bss))
                0x000000000800038c        0x4 LONG 0x0 ADDR (.bss_CCMRAM)
                0x0000000008000390        0x4 LONG 0x0 (ADDR (.bss_CCMRAM) + SIZEOF (.bss_CCMRAM))
                0x0000000008000394                __bss_regions_array_end = .
 *(.init)
 *(.fini)
                0x0000000008000394                . = ALIGN (0x4)
                0x0000000008000394                PROVIDE (__preinit_array_start = .)
 *(.preinit_array_sysinit .preinit_array_sysinit.*)
 *(.preinit_array_platform .preinit_array_platform.*)
 *(.preinit_array .preinit_array.*)
                0x0000000008000394                PROVIDE (__preinit_array_end = .)
                0x0000000008000394                . = ALIGN (0x4)
                0x0000000008000394                PROVIDE (__init_array_start = .)
 *(SORT_BY_NAME(.init_array.*))
 *(.init_array)
                0x0000000008000394                PROVIDE (__init_array_end = .)
                0x0000000008000394                . = ALIGN (0x4)
                0x0000000008000394                PROVIDE (__fini_array_start = .)
 *(SORT_BY_NAME(.fini_array.*))
 *(.fini_array)
                0x0000000008000394                PROVIDE (__fini_array_end = .)

.flashtext
 *(.flashtext .flashtext.*)

.text           0x00000000080003a0      0xe6f
 *(.text .text.*)
 .text._exit    0x00000000080003a0        0x2 ./system/src/newlib/_exit.o
                0x00000000080003a0                _exit
 *fill*         0x00000000080003a2        0x2 
 .text.__initialize_args
                0x00000000080003a4       0x10 ./system/src/newlib/_syscalls.o
                0x00000000080003a4                __initialize_args
 .text.gpio_init
                0x00000000080003b4       0x92 ./system/src/gd32f10x_standart_peripheral/gd32f10x_gpio.o
                0x00000000080003b4                gpio_init
 .text.gpio_bit_set
                0x0000000008000446        0x4 ./system/src/gd32f10x_standart_peripheral/gd32f10x_gpio.o
                0x0000000008000446                gpio_bit_set
 .text.gpio_bit_reset
                0x000000000800044a        0x4 ./system/src/gd32f10x_standart_peripheral/gd32f10x_gpio.o
                0x000000000800044a                gpio_bit_reset
 .text.gpio_output_bit_get
                0x000000000800044e        0xe ./system/src/gd32f10x_standart_peripheral/gd32f10x_gpio.o
                0x000000000800044e                gpio_output_bit_get
 .text.rcu_periph_clock_enable
                0x000000000800045c       0x1c ./system/src/gd32f10x_standart_peripheral/gd32f10x_rcu.o
                0x000000000800045c                rcu_periph_clock_enable
 .text.rcu_system_clock_source_config
                0x0000000008000478       0x14 ./system/src/gd32f10x_standart_peripheral/gd32f10x_rcu.o
                0x0000000008000478                rcu_system_clock_source_config
 .text.rcu_ahb_clock_config
                0x000000000800048c       0x14 ./system/src/gd32f10x_standart_peripheral/gd32f10x_rcu.o
                0x000000000800048c                rcu_ahb_clock_config
 .text.rcu_apb1_clock_config
                0x00000000080004a0       0x14 ./system/src/gd32f10x_standart_peripheral/gd32f10x_rcu.o
                0x00000000080004a0                rcu_apb1_clock_config
 .text.rcu_apb2_clock_config
                0x00000000080004b4       0x14 ./system/src/gd32f10x_standart_peripheral/gd32f10x_rcu.o
                0x00000000080004b4                rcu_apb2_clock_config
 .text.prvTaskExitError
                0x00000000080004c8       0x20 ./system/src/freeRTOS/gcc_arm_cm3/port.o
 .text.prvPortStartFirstTask
                0x00000000080004e8       0x20 ./system/src/freeRTOS/gcc_arm_cm3/port.o
 .text.pxPortInitialiseStack
                0x0000000008000508       0x24 ./system/src/freeRTOS/gcc_arm_cm3/port.o
                0x0000000008000508                pxPortInitialiseStack
 *fill*         0x000000000800052c        0x4 
 .text.SVC_Handler
                0x0000000008000530       0x24 ./system/src/freeRTOS/gcc_arm_cm3/port.o
                0x0000000008000530                SVC_Handler
 .text.vPortEnterCritical
                0x0000000008000554       0x20 ./system/src/freeRTOS/gcc_arm_cm3/port.o
                0x0000000008000554                vPortEnterCritical
 .text.vPortExitCritical
                0x0000000008000574       0x14 ./system/src/freeRTOS/gcc_arm_cm3/port.o
                0x0000000008000574                vPortExitCritical
 *fill*         0x0000000008000588        0x8 
 .text.PendSV_Handler
                0x0000000008000590       0x44 ./system/src/freeRTOS/gcc_arm_cm3/port.o
                0x0000000008000590                PendSV_Handler
 .text.SysTick_Handler
                0x00000000080005d4       0x2c ./system/src/freeRTOS/gcc_arm_cm3/port.o
                0x00000000080005d4                SysTick_Handler
 .text.vPortSetupTimerInterrupt
                0x0000000008000600       0x16 ./system/src/freeRTOS/gcc_arm_cm3/port.o
                0x0000000008000600                vPortSetupTimerInterrupt
 *fill*         0x0000000008000616        0x2 
 .text.xPortStartScheduler
                0x0000000008000618       0x3c ./system/src/freeRTOS/gcc_arm_cm3/port.o
                0x0000000008000618                xPortStartScheduler
 .text.prvInsertBlockIntoFreeList
                0x0000000008000654       0x60 ./system/src/freeRTOS/MemMang/heap_5.o
 .text.pvPortMalloc
                0x00000000080006b4       0xc0 ./system/src/freeRTOS/MemMang/heap_5.o
                0x00000000080006b4                pvPortMalloc
 .text.vPortFree
                0x0000000008000774       0x58 ./system/src/freeRTOS/MemMang/heap_5.o
                0x0000000008000774                vPortFree
 .text.vListInitialise
                0x00000000080007cc       0x16 ./system/src/freeRTOS/list.o
                0x00000000080007cc                vListInitialise
 .text.vListInitialiseItem
                0x00000000080007e2        0x6 ./system/src/freeRTOS/list.o
                0x00000000080007e2                vListInitialiseItem
 .text.vListInsertEnd
                0x00000000080007e8       0x16 ./system/src/freeRTOS/list.o
                0x00000000080007e8                vListInsertEnd
 .text.vListInsert
                0x00000000080007fe       0x32 ./system/src/freeRTOS/list.o
                0x00000000080007fe                vListInsert
 .text.uxListRemove
                0x0000000008000830       0x26 ./system/src/freeRTOS/list.o
                0x0000000008000830                uxListRemove
 *fill*         0x0000000008000856        0x2 
 .text.prvResetNextTaskUnblockTime
                0x0000000008000858       0x28 ./system/src/freeRTOS/tasks.o
 .text.prvDeleteTCB
                0x0000000008000880       0x12 ./system/src/freeRTOS/tasks.o
 .text.prvInitialiseNewTask
                0x0000000008000892       0xba ./system/src/freeRTOS/tasks.o
 .text.prvInitialiseTaskLists
                0x000000000800094c       0x68 ./system/src/freeRTOS/tasks.o
 .text.prvAddNewTaskToReadyList
                0x00000000080009b4       0xac ./system/src/freeRTOS/tasks.o
 .text.prvCheckTasksWaitingTermination
                0x0000000008000a60       0x4c ./system/src/freeRTOS/tasks.o
 .text.prvIdleTask
                0x0000000008000aac       0x28 ./system/src/freeRTOS/tasks.o
 .text.prvAddCurrentTaskToDelayedList
                0x0000000008000ad4       0x98 ./system/src/freeRTOS/tasks.o
 .text.xTaskCreate
                0x0000000008000b6c       0x64 ./system/src/freeRTOS/tasks.o
                0x0000000008000b6c                xTaskCreate
 .text.vTaskDelete
                0x0000000008000bd0       0xc4 ./system/src/freeRTOS/tasks.o
                0x0000000008000bd0                vTaskDelete
 .text.vTaskStartScheduler
                0x0000000008000c94       0x64 ./system/src/freeRTOS/tasks.o
                0x0000000008000c94                vTaskStartScheduler
 .text.vTaskSuspendAll
                0x0000000008000cf8       0x10 ./system/src/freeRTOS/tasks.o
                0x0000000008000cf8                vTaskSuspendAll
 .text.xTaskIncrementTick
                0x0000000008000d08      0x100 ./system/src/freeRTOS/tasks.o
                0x0000000008000d08                xTaskIncrementTick
 .text.xTaskResumeAll
                0x0000000008000e08       0xe0 ./system/src/freeRTOS/tasks.o
                0x0000000008000e08                xTaskResumeAll
 .text.vTaskDelay
                0x0000000008000ee8       0x32 ./system/src/freeRTOS/tasks.o
                0x0000000008000ee8                vTaskDelay
 *fill*         0x0000000008000f1a        0x2 
 .text.vTaskSwitchContext
                0x0000000008000f1c       0x78 ./system/src/freeRTOS/tasks.o
                0x0000000008000f1c                vTaskSwitchContext
 .text.__initialize_hardware_early
                0x0000000008000f94       0x18 ./system/src/cortexm/_initialize_hardware.o
                0x0000000008000f94                __initialize_hardware_early
 .text.__initialize_hardware
                0x0000000008000fac        0x8 ./system/src/cortexm/_initialize_hardware.o
                0x0000000008000fac                __initialize_hardware
 .text.system_clock_108m_hxtal
                0x0000000008000fb4       0x9c ./system/src/cmsis/system_gd32f10x.o
 .text.system_clock_config
                0x0000000008001050        0x8 ./system/src/cmsis/system_gd32f10x.o
 .text.SystemInit
                0x0000000008001058       0x54 ./system/src/cmsis/system_gd32f10x.o
                0x0000000008001058                SystemInit
 .text.SystemCoreClockUpdate
                0x00000000080010ac       0x80 ./system/src/cmsis/system_gd32f10x.o
                0x00000000080010ac                SystemCoreClockUpdate
 .text.rcu_config
                0x000000000800112c       0x24 ./src/main.o
                0x000000000800112c                rcu_config
 .text.gpio_config
                0x0000000008001150       0x20 ./src/main.o
                0x0000000008001150                gpio_config
 .text.main     0x0000000008001170       0x34 ./src/main.o
                0x0000000008001170                main
 .text.Toggle_led
                0x00000000080011a4       0x24 ./src/main.o
                0x00000000080011a4                Toggle_led
 .text.task1    0x00000000080011c8       0x28 ./src/main.o
                0x00000000080011c8                task1
 .text.memset   0x00000000080011f0       0x10 /usr/lib/gcc/arm-none-eabi/10.1.0/../../../../arm-none-eabi/lib/thumb/v7-m/nofp/libg_nano.a(lib_a-memset.o)
                0x00000000080011f0                memset
 *(.rodata .rodata.* .constdata .constdata.*)
 .rodata.vTaskStartScheduler.str1.4
                0x0000000008001200        0x5 ./system/src/freeRTOS/tasks.o
 *fill*         0x0000000008001205        0x3 
 .rodata.main.str1.4
                0x0000000008001208        0x7 ./src/main.o
 *(vtable)
 *(.eh_frame*)
 *(.glue_7)
 .glue_7        0x000000000800120f        0x0 linker stubs
 *(.glue_7t)
 .glue_7t       0x000000000800120f        0x0 linker stubs

.vfp11_veneer   0x0000000008001210        0x0
 .vfp11_veneer  0x0000000008001210        0x0 linker stubs

.v4_bx          0x0000000008001210        0x0
 .v4_bx         0x0000000008001210        0x0 linker stubs

.iplt           0x0000000008001210        0x0
 .iplt          0x0000000008001210        0x0 ./system/src/newlib/_exit.o

.rel.dyn        0x0000000008001210        0x0
 .rel.iplt      0x0000000008001210        0x0 ./system/src/newlib/_exit.o

.ARM.extab
 *(.ARM.extab* .gnu.linkonce.armextab.*)
                0x0000000008001210                . = ALIGN (0x4)
                0x0000000008001210                __exidx_start = .

.ARM.exidx
 *(.ARM.exidx* .gnu.linkonce.armexidx.*)
                0x0000000008001210                __exidx_end = .
                0x0000000008001210                . = ALIGN (0x4)
                0x0000000008001210                _etext = .
                0x0000000008001210                __etext = .

.data_CCMRAM    0x0000000000000000        0x0 load address 0x0000000008001210
 FILL mask 0xff
 *(.data.CCMRAM .data.CCMRAM.*)
                0x0000000000000000                . = ALIGN (0x4)
                0x0000000008001210                _sidata = LOADADDR (.data)

.data           0x0000000020000000       0x18 load address 0x0000000008001210
 FILL mask 0xff
                0x0000000020000000                _sdata = .
                0x0000000020000000                __data_start__ = .
 *(.data_begin .data_begin.*)
 .data_begin    0x0000000020000000        0x4 ./system/src/newlib/_startup.o
 *(.data .data.*)
 .data.argv.1   0x0000000020000004        0x8 ./system/src/newlib/_syscalls.o
 .data.uxCriticalNesting
                0x000000002000000c        0x4 ./system/src/freeRTOS/gcc_arm_cm3/port.o
 .data.SystemCoreClock
                0x0000000020000010        0x4 ./system/src/cmsis/system_gd32f10x.o
                0x0000000020000010                SystemCoreClock
 *(.data_end .data_end.*)
 .data_end      0x0000000020000014        0x4 ./system/src/newlib/_startup.o
                0x0000000020000018                . = ALIGN (0x4)
                0x0000000020000018                _edata = .
                0x0000000020000018                __data_end__ = .

.igot.plt       0x0000000020000018        0x0 load address 0x0000000008001228
 .igot.plt      0x0000000020000018        0x0 ./system/src/newlib/_exit.o

.bss_CCMRAM     0x0000000000000000        0x0
 *(.bss.CCMRAM .bss.CCMRAM.*)

.bss            0x0000000020000018      0x134
                0x0000000020000018                __bss_start__ = .
                0x0000000020000018                _sbss = .
 *(.bss_begin .bss_begin.*)
 .bss_begin     0x0000000020000018        0x4 ./system/src/newlib/_startup.o
 *(.bss .bss.*)
 .bss.name.0    0x000000002000001c        0x1 ./system/src/newlib/_syscalls.o
 *fill*         0x000000002000001d        0x3 
 .bss.pxEnd     0x0000000020000020        0x4 ./system/src/freeRTOS/MemMang/heap_5.o
 .bss.xBlockAllocatedBit
                0x0000000020000024        0x4 ./system/src/freeRTOS/MemMang/heap_5.o
 .bss.xFreeBytesRemaining
                0x0000000020000028        0x4 ./system/src/freeRTOS/MemMang/heap_5.o
 .bss.xMinimumEverFreeBytesRemaining
                0x000000002000002c        0x4 ./system/src/freeRTOS/MemMang/heap_5.o
 .bss.xNumberOfSuccessfulAllocations
                0x0000000020000030        0x4 ./system/src/freeRTOS/MemMang/heap_5.o
 .bss.xNumberOfSuccessfulFrees
                0x0000000020000034        0x4 ./system/src/freeRTOS/MemMang/heap_5.o
 .bss.xStart    0x0000000020000038        0x8 ./system/src/freeRTOS/MemMang/heap_5.o
 .bss.pxCurrentTCB
                0x0000000020000040        0x4 ./system/src/freeRTOS/tasks.o
                0x0000000020000040                pxCurrentTCB
 .bss.pxDelayedTaskList
                0x0000000020000044        0x4 ./system/src/freeRTOS/tasks.o
 .bss.pxOverflowDelayedTaskList
                0x0000000020000048        0x4 ./system/src/freeRTOS/tasks.o
 .bss.pxReadyTasksLists
                0x000000002000004c       0x64 ./system/src/freeRTOS/tasks.o
 .bss.uxCurrentNumberOfTasks
                0x00000000200000b0        0x4 ./system/src/freeRTOS/tasks.o
 .bss.uxDeletedTasksWaitingCleanUp
                0x00000000200000b4        0x4 ./system/src/freeRTOS/tasks.o
 .bss.uxSchedulerSuspended
                0x00000000200000b8        0x4 ./system/src/freeRTOS/tasks.o
 .bss.uxTaskNumber
                0x00000000200000bc        0x4 ./system/src/freeRTOS/tasks.o
 .bss.uxTopReadyPriority
                0x00000000200000c0        0x4 ./system/src/freeRTOS/tasks.o
 .bss.xDelayedTaskList1
                0x00000000200000c4       0x14 ./system/src/freeRTOS/tasks.o
 .bss.xDelayedTaskList2
                0x00000000200000d8       0x14 ./system/src/freeRTOS/tasks.o
 .bss.xIdleTaskHandle
                0x00000000200000ec        0x4 ./system/src/freeRTOS/tasks.o
 .bss.xNextTaskUnblockTime
                0x00000000200000f0        0x4 ./system/src/freeRTOS/tasks.o
 .bss.xNumOfOverflows
                0x00000000200000f4        0x4 ./system/src/freeRTOS/tasks.o
 .bss.xPendedTicks
                0x00000000200000f8        0x4 ./system/src/freeRTOS/tasks.o
 .bss.xPendingReadyList
                0x00000000200000fc       0x14 ./system/src/freeRTOS/tasks.o
 .bss.xSchedulerRunning
                0x0000000020000110        0x4 ./system/src/freeRTOS/tasks.o
 .bss.xSuspendedTaskList
                0x0000000020000114       0x14 ./system/src/freeRTOS/tasks.o
 .bss.xTasksWaitingTermination
                0x0000000020000128       0x14 ./system/src/freeRTOS/tasks.o
 .bss.xTickCount
                0x000000002000013c        0x4 ./system/src/freeRTOS/tasks.o
 .bss.xYieldPending
                0x0000000020000140        0x4 ./system/src/freeRTOS/tasks.o
 .bss.task1Handle
                0x0000000020000144        0x4 ./src/main.o
                0x0000000020000144                task1Handle
 *(COMMON)
 *(.bss_end .bss_end.*)
 .bss_end       0x0000000020000148        0x4 ./system/src/newlib/_startup.o
                0x000000002000014c                . = ALIGN (0x4)
                0x000000002000014c                __bss_end__ = .
                0x000000002000014c                _ebss = .

.noinit_CCMRAM
 *(.noinit.CCMRAM .noinit.CCMRAM.*)

.noinit         0x000000002000014c        0x0
                0x000000002000014c                _noinit = .
 *(.noinit .noinit.*)
                0x000000002000014c                . = ALIGN (0x4)
                0x000000002000014c                _end_noinit = .
                [!provide]                        PROVIDE (end = _end_noinit)
                [!provide]                        PROVIDE (_end = _end_noinit)
                [!provide]                        PROVIDE (__end = _end_noinit)
                [!provide]                        PROVIDE (__end__ = _end_noinit)

._check_stack   0x000000002000014c      0x100
                0x000000002000024c                . = (. + _Minimum_Stack_Size)
 *fill*         0x000000002000014c      0x100 

.b1text
 *(.b1text)
 *(.b1rodata)
 *(.b1rodata.*)

.eb0text
 *(.eb0text)
 *(.eb0rodata)
 *(.eb0rodata.*)

.eb1text
 *(.eb1text)
 *(.eb1rodata)
 *(.eb1rodata.*)

.eb2text
 *(.eb2text)
 *(.eb2rodata)
 *(.eb2rodata.*)

.eb3text
 *(.eb3text)
 *(.eb3rodata)
 *(.eb3rodata.*)

.stab
 *(.stab)

.stabstr
 *(.stabstr)

.stab.excl
 *(.stab.excl)

.stab.exclstr
 *(.stab.exclstr)

.stab.index
 *(.stab.index)

.stab.indexstr
 *(.stab.indexstr)

.comment        0x0000000000000000       0x1e
 *(.comment)
 .comment       0x0000000000000000       0x1e ./system/src/newlib/_exit.o
                                         0x1f (size before relaxing)
 .comment       0x000000000000001e       0x1f ./system/src/newlib/_startup.o
 .comment       0x000000000000001e       0x1f ./system/src/newlib/_syscalls.o
 .comment       0x000000000000001e       0x1f ./system/src/gd32f10x_standart_peripheral/gd32f10x_gpio.o
 .comment       0x000000000000001e       0x1f ./system/src/gd32f10x_standart_peripheral/gd32f10x_rcu.o
 .comment       0x000000000000001e       0x1f ./system/src/freeRTOS/gcc_arm_cm3/port.o
 .comment       0x000000000000001e       0x1f ./system/src/freeRTOS/MemMang/heap_5.o
 .comment       0x000000000000001e       0x1f ./system/src/freeRTOS/list.o
 .comment       0x000000000000001e       0x1f ./system/src/freeRTOS/tasks.o
 .comment       0x000000000000001e       0x1f ./system/src/cortexm/_initialize_hardware.o
 .comment       0x000000000000001e       0x1f ./system/src/cortexm/exception_handlers.o
 .comment       0x000000000000001e       0x1f ./system/src/cmsis/system_gd32f10x.o
 .comment       0x000000000000001e       0x1f ./system/src/cmsis/vectors_stm32f10x.o
 .comment       0x000000000000001e       0x1f ./src/main.o

.ARM.attributes
                0x0000000000000000       0x2d
 .ARM.attributes
                0x0000000000000000       0x2d ./system/src/newlib/_exit.o
 .ARM.attributes
                0x000000000000002d       0x2d ./system/src/newlib/_startup.o
 .ARM.attributes
                0x000000000000005a       0x2d ./system/src/newlib/_syscalls.o
 .ARM.attributes
                0x0000000000000087       0x2d ./system/src/gd32f10x_standart_peripheral/gd32f10x_gpio.o
 .ARM.attributes
                0x00000000000000b4       0x2d ./system/src/gd32f10x_standart_peripheral/gd32f10x_rcu.o
 .ARM.attributes
                0x00000000000000e1       0x2d ./system/src/freeRTOS/gcc_arm_cm3/port.o
 .ARM.attributes
                0x000000000000010e       0x2d ./system/src/freeRTOS/MemMang/heap_5.o
 .ARM.attributes
                0x000000000000013b       0x2d ./system/src/freeRTOS/list.o
 .ARM.attributes
                0x0000000000000168       0x2d ./system/src/freeRTOS/tasks.o
 .ARM.attributes
                0x0000000000000195       0x2d ./system/src/cortexm/_initialize_hardware.o
 .ARM.attributes
                0x00000000000001c2       0x2d ./system/src/cortexm/exception_handlers.o
 .ARM.attributes
                0x00000000000001ef       0x2d ./system/src/cmsis/system_gd32f10x.o
 .ARM.attributes
                0x000000000000021c       0x2d ./system/src/cmsis/vectors_stm32f10x.o
 .ARM.attributes
                0x0000000000000249       0x2d ./src/main.o
 .ARM.attributes
                0x0000000000000276       0x2d /usr/lib/gcc/arm-none-eabi/10.1.0/../../../../arm-none-eabi/lib/thumb/v7-m/nofp/libg_nano.a(lib_a-memset.o)

.debug
 *(.debug)

.line
 *(.line)

.debug_srcinfo
 *(.debug_srcinfo)

.debug_sfnames
 *(.debug_sfnames)

.debug_aranges  0x0000000000000000      0x6a0
 *(.debug_aranges)
 .debug_aranges
                0x0000000000000000       0x28 ./system/src/newlib/_exit.o
 .debug_aranges
                0x0000000000000028       0x40 ./system/src/newlib/_startup.o
 .debug_aranges
                0x0000000000000068       0x30 ./system/src/newlib/_syscalls.o
 .debug_aranges
                0x0000000000000098       0xa0 ./system/src/gd32f10x_standart_peripheral/gd32f10x_gpio.o
 .debug_aranges
                0x0000000000000138      0x138 ./system/src/gd32f10x_standart_peripheral/gd32f10x_rcu.o
 .debug_aranges
                0x0000000000000270       0x70 ./system/src/freeRTOS/gcc_arm_cm3/port.o
 .debug_aranges
                0x00000000000002e0       0x50 ./system/src/freeRTOS/MemMang/heap_5.o
 .debug_aranges
                0x0000000000000330       0x40 ./system/src/freeRTOS/list.o
 .debug_aranges
                0x0000000000000370      0x1e8 ./system/src/freeRTOS/tasks.o
 .debug_aranges
                0x0000000000000558       0x28 ./system/src/cortexm/_initialize_hardware.o
 .debug_aranges
                0x0000000000000580       0x80 ./system/src/cortexm/exception_handlers.o
 .debug_aranges
                0x0000000000000600       0x38 ./system/src/cmsis/system_gd32f10x.o
 .debug_aranges
                0x0000000000000638       0x20 ./system/src/cmsis/vectors_stm32f10x.o
 .debug_aranges
                0x0000000000000658       0x48 ./src/main.o

.debug_pubnames
 *(.debug_pubnames)

.debug_info     0x0000000000000000     0x5fe1
 *(.debug_info .gnu.linkonce.wi.*)
 .debug_info    0x0000000000000000       0xf2 ./system/src/newlib/_exit.o
 .debug_info    0x00000000000000f2      0x4ae ./system/src/newlib/_startup.o
 .debug_info    0x00000000000005a0      0x1d5 ./system/src/newlib/_syscalls.o
 .debug_info    0x0000000000000775      0x7b9 ./system/src/gd32f10x_standart_peripheral/gd32f10x_gpio.o
 .debug_info    0x0000000000000f2e      0xe4d ./system/src/gd32f10x_standart_peripheral/gd32f10x_rcu.o
 .debug_info    0x0000000000001d7b      0x34c ./system/src/freeRTOS/gcc_arm_cm3/port.o
 .debug_info    0x00000000000020c7      0x59c ./system/src/freeRTOS/MemMang/heap_5.o
 .debug_info    0x0000000000002663      0x2d8 ./system/src/freeRTOS/list.o
 .debug_info    0x000000000000293b     0x2960 ./system/src/freeRTOS/tasks.o
 .debug_info    0x000000000000529b      0x2ba ./system/src/cortexm/_initialize_hardware.o
 .debug_info    0x0000000000005555      0x27d ./system/src/cortexm/exception_handlers.o
 .debug_info    0x00000000000057d2      0x1c1 ./system/src/cmsis/system_gd32f10x.o
 .debug_info    0x0000000000005993       0xce ./system/src/cmsis/vectors_stm32f10x.o
 .debug_info    0x0000000000005a61      0x580 ./src/main.o

.debug_abbrev   0x0000000000000000     0x1411
 *(.debug_abbrev)
 .debug_abbrev  0x0000000000000000       0xab ./system/src/newlib/_exit.o
 .debug_abbrev  0x00000000000000ab      0x1b1 ./system/src/newlib/_startup.o
 .debug_abbrev  0x000000000000025c      0x10e ./system/src/newlib/_syscalls.o
 .debug_abbrev  0x000000000000036a      0x1dc ./system/src/gd32f10x_standart_peripheral/gd32f10x_gpio.o
 .debug_abbrev  0x0000000000000546      0x1e1 ./system/src/gd32f10x_standart_peripheral/gd32f10x_rcu.o
 .debug_abbrev  0x0000000000000727      0x1fd ./system/src/freeRTOS/gcc_arm_cm3/port.o
 .debug_abbrev  0x0000000000000924      0x1e5 ./system/src/freeRTOS/MemMang/heap_5.o
 .debug_abbrev  0x0000000000000b09      0x109 ./system/src/freeRTOS/list.o
 .debug_abbrev  0x0000000000000c12      0x31d ./system/src/freeRTOS/tasks.o
 .debug_abbrev  0x0000000000000f2f       0xe9 ./system/src/cortexm/_initialize_hardware.o
 .debug_abbrev  0x0000000000001018      0x114 ./system/src/cortexm/exception_handlers.o
 .debug_abbrev  0x000000000000112c       0xdf ./system/src/cmsis/system_gd32f10x.o
 .debug_abbrev  0x000000000000120b       0xa5 ./system/src/cmsis/vectors_stm32f10x.o
 .debug_abbrev  0x00000000000012b0      0x161 ./src/main.o

.debug_line     0x0000000000000000     0x6d28
 *(.debug_line)
 .debug_line    0x0000000000000000      0x2ad ./system/src/newlib/_exit.o
 .debug_line    0x00000000000002ad      0x50e ./system/src/newlib/_startup.o
 .debug_line    0x00000000000007bb      0x36f ./system/src/newlib/_syscalls.o
 .debug_line    0x0000000000000b2a      0x954 ./system/src/gd32f10x_standart_peripheral/gd32f10x_gpio.o
 .debug_line    0x000000000000147e      0xca9 ./system/src/gd32f10x_standart_peripheral/gd32f10x_rcu.o
 .debug_line    0x0000000000002127      0x3ff ./system/src/freeRTOS/gcc_arm_cm3/port.o
 .debug_line    0x0000000000002526      0x7b2 ./system/src/freeRTOS/MemMang/heap_5.o
 .debug_line    0x0000000000002cd8      0x49c ./system/src/freeRTOS/list.o
 .debug_line    0x0000000000003174     0x20db ./system/src/freeRTOS/tasks.o
 .debug_line    0x000000000000524f      0x49f ./system/src/cortexm/_initialize_hardware.o
 .debug_line    0x00000000000056ee      0x724 ./system/src/cortexm/exception_handlers.o
 .debug_line    0x0000000000005e12      0x69b ./system/src/cmsis/system_gd32f10x.o
 .debug_line    0x00000000000064ad       0xe3 ./system/src/cmsis/vectors_stm32f10x.o
 .debug_line    0x0000000000006590      0x798 ./src/main.o

.debug_frame    0x0000000000000000      0xf30
 *(.debug_frame)
 .debug_frame   0x0000000000000000       0x38 ./system/src/newlib/_exit.o
 .debug_frame   0x0000000000000038       0x7c ./system/src/newlib/_startup.o
 .debug_frame   0x00000000000000b4       0x50 ./system/src/newlib/_syscalls.o
 .debug_frame   0x0000000000000104      0x150 ./system/src/gd32f10x_standart_peripheral/gd32f10x_gpio.o
 .debug_frame   0x0000000000000254      0x274 ./system/src/gd32f10x_standart_peripheral/gd32f10x_rcu.o
 .debug_frame   0x00000000000004c8       0xd8 ./system/src/freeRTOS/gcc_arm_cm3/port.o
 .debug_frame   0x00000000000005a0       0xd4 ./system/src/freeRTOS/MemMang/heap_5.o
 .debug_frame   0x0000000000000674       0x70 ./system/src/freeRTOS/list.o
 .debug_frame   0x00000000000006e4      0x5ec ./system/src/freeRTOS/tasks.o
 .debug_frame   0x0000000000000cd0       0x40 ./system/src/cortexm/_initialize_hardware.o
 .debug_frame   0x0000000000000d10       0xe8 ./system/src/cortexm/exception_handlers.o
 .debug_frame   0x0000000000000df8       0x60 ./system/src/cmsis/system_gd32f10x.o
 .debug_frame   0x0000000000000e58       0x20 ./system/src/cmsis/vectors_stm32f10x.o
 .debug_frame   0x0000000000000e78       0x98 ./src/main.o
 .debug_frame   0x0000000000000f10       0x20 /usr/lib/gcc/arm-none-eabi/10.1.0/../../../../arm-none-eabi/lib/thumb/v7-m/nofp/libg_nano.a(lib_a-memset.o)

.debug_str      0x0000000000000000    0x34f31
 *(.debug_str)
 .debug_str     0x0000000000000000     0x7565 ./system/src/newlib/_exit.o
                                       0x76c3 (size before relaxing)
 .debug_str     0x0000000000007565      0xbba ./system/src/newlib/_startup.o
                                       0x62aa (size before relaxing)
 .debug_str     0x000000000000811f     0x17f4 ./system/src/newlib/_syscalls.o
                                       0x7ff1 (size before relaxing)
 .debug_str     0x0000000000009913    0x22e14 ./system/src/gd32f10x_standart_peripheral/gd32f10x_gpio.o
                                      0x294df (size before relaxing)
 .debug_str     0x000000000002c727      0xa34 ./system/src/gd32f10x_standart_peripheral/gd32f10x_rcu.o
                                      0x29b94 (size before relaxing)
 .debug_str     0x000000000002d15b     0x5068 ./system/src/freeRTOS/gcc_arm_cm3/port.o
                                       0x8b56 (size before relaxing)
 .debug_str     0x00000000000321c3      0x407 ./system/src/freeRTOS/MemMang/heap_5.o
                                       0xb4d5 (size before relaxing)
 .debug_str     0x00000000000325ca      0x11d ./system/src/freeRTOS/list.o
                                       0xa03d (size before relaxing)
 .debug_str     0x00000000000326e7     0x1d64 ./system/src/freeRTOS/tasks.o
                                       0xd127 (size before relaxing)
 .debug_str     0x000000000003444b       0xd5 ./system/src/cortexm/_initialize_hardware.o
                                      0x28ff8 (size before relaxing)
 .debug_str     0x0000000000034520      0x197 ./system/src/cortexm/exception_handlers.o
                                      0x2ab28 (size before relaxing)
 .debug_str     0x00000000000346b7      0x11f ./system/src/cmsis/system_gd32f10x.o
                                      0x29060 (size before relaxing)
 .debug_str     0x00000000000347d6       0x57 ./system/src/cmsis/vectors_stm32f10x.o
                                       0x37fc (size before relaxing)
 .debug_str     0x000000000003482d      0x704 ./src/main.o
                                      0x2fd0f (size before relaxing)

.debug_loc      0x0000000000000000     0x3db4
 *(.debug_loc)
 .debug_loc     0x0000000000000000       0x15 ./system/src/newlib/_exit.o
 .debug_loc     0x0000000000000015      0x2de ./system/src/newlib/_startup.o
 .debug_loc     0x00000000000002f3       0x6f ./system/src/newlib/_syscalls.o
 .debug_loc     0x0000000000000362      0x518 ./system/src/gd32f10x_standart_peripheral/gd32f10x_gpio.o
 .debug_loc     0x000000000000087a      0x8e8 ./system/src/gd32f10x_standart_peripheral/gd32f10x_rcu.o
 .debug_loc     0x0000000000001162       0xbe ./system/src/freeRTOS/gcc_arm_cm3/port.o
 .debug_loc     0x0000000000001220      0x4be ./system/src/freeRTOS/MemMang/heap_5.o
 .debug_loc     0x00000000000016de       0xad ./system/src/freeRTOS/list.o
 .debug_loc     0x000000000000178b     0x241b ./system/src/freeRTOS/tasks.o
 .debug_loc     0x0000000000003ba6      0x14c ./system/src/cmsis/system_gd32f10x.o
 .debug_loc     0x0000000000003cf2       0xc2 ./src/main.o

.debug_macinfo
 *(.debug_macinfo)

.debug_weaknames
 *(.debug_weaknames)

.debug_funcnames
 *(.debug_funcnames)

.debug_typenames
 *(.debug_typenames)

.debug_varnames
 *(.debug_varnames)
OUTPUT(project.elf elf32-littlearm)
LOAD linker stubs

.debug_ranges   0x0000000000000000      0x6d8
 .debug_ranges  0x0000000000000000       0x18 ./system/src/newlib/_exit.o
 .debug_ranges  0x0000000000000018       0x30 ./system/src/newlib/_startup.o
 .debug_ranges  0x0000000000000048       0x20 ./system/src/newlib/_syscalls.o
 .debug_ranges  0x0000000000000068       0x90 ./system/src/gd32f10x_standart_peripheral/gd32f10x_gpio.o
 .debug_ranges  0x00000000000000f8      0x128 ./system/src/gd32f10x_standart_peripheral/gd32f10x_rcu.o
 .debug_ranges  0x0000000000000220       0x60 ./system/src/freeRTOS/gcc_arm_cm3/port.o
 .debug_ranges  0x0000000000000280       0x40 ./system/src/freeRTOS/MemMang/heap_5.o
 .debug_ranges  0x00000000000002c0       0x30 ./system/src/freeRTOS/list.o
 .debug_ranges  0x00000000000002f0      0x2f0 ./system/src/freeRTOS/tasks.o
 .debug_ranges  0x00000000000005e0       0x18 ./system/src/cortexm/_initialize_hardware.o
 .debug_ranges  0x00000000000005f8       0x70 ./system/src/cortexm/exception_handlers.o
 .debug_ranges  0x0000000000000668       0x28 ./system/src/cmsis/system_gd32f10x.o
 .debug_ranges  0x0000000000000690       0x10 ./system/src/cmsis/vectors_stm32f10x.o
 .debug_ranges  0x00000000000006a0       0x38 ./src/main.o

.debug_macro    0x0000000000000000     0x5394
 .debug_macro   0x0000000000000000      0x1ae ./system/src/newlib/_exit.o
 .debug_macro   0x00000000000001ae      0xa72 ./system/src/newlib/_exit.o
 .debug_macro   0x0000000000000c20       0x34 ./system/src/newlib/_exit.o
 .debug_macro   0x0000000000000c54      0x10e ./system/src/newlib/_exit.o
 .debug_macro   0x0000000000000d62       0x8d ./system/src/newlib/_exit.o
 .debug_macro   0x0000000000000def       0x43 ./system/src/newlib/_exit.o
 .debug_macro   0x0000000000000e32      0x333 ./system/src/newlib/_exit.o
 .debug_macro   0x0000000000001165       0x35 ./system/src/newlib/_exit.o
 .debug_macro   0x000000000000119a      0x15f ./system/src/newlib/_startup.o
 .debug_macro   0x00000000000012f9      0x34e ./system/src/newlib/_startup.o
 .debug_macro   0x0000000000001647      0x220 ./system/src/newlib/_syscalls.o
 .debug_macro   0x0000000000001867       0x1c ./system/src/newlib/_syscalls.o
 .debug_macro   0x0000000000001883       0x10 ./system/src/newlib/_syscalls.o
 .debug_macro   0x0000000000001893       0x10 ./system/src/newlib/_syscalls.o
 .debug_macro   0x00000000000018a3       0x10 ./system/src/newlib/_syscalls.o
 .debug_macro   0x00000000000018b3       0x35 ./system/src/newlib/_syscalls.o
 .debug_macro   0x00000000000018e8      0x12c ./system/src/newlib/_syscalls.o
 .debug_macro   0x0000000000001a14       0xce ./system/src/newlib/_syscalls.o
 .debug_macro   0x0000000000001ae2       0x7c ./system/src/newlib/_syscalls.o
 .debug_macro   0x0000000000001b5e       0x17 ./system/src/newlib/_syscalls.o
 .debug_macro   0x0000000000001b75      0x118 ./system/src/newlib/_syscalls.o
 .debug_macro   0x0000000000001c8d      0x189 ./system/src/newlib/_syscalls.o
 .debug_macro   0x0000000000001e16       0x16 ./system/src/newlib/_syscalls.o
 .debug_macro   0x0000000000001e2c      0x279 ./system/src/gd32f10x_standart_peripheral/gd32f10x_gpio.o
 .debug_macro   0x00000000000020a5      0x7e6 ./system/src/gd32f10x_standart_peripheral/gd32f10x_gpio.o
 .debug_macro   0x000000000000288b      0x261 ./system/src/gd32f10x_standart_peripheral/gd32f10x_rcu.o
 .debug_macro   0x0000000000002aec      0x8a1 ./system/src/gd32f10x_standart_peripheral/gd32f10x_rcu.o
 .debug_macro   0x000000000000338d      0x145 ./system/src/freeRTOS/gcc_arm_cm3/port.o
 .debug_macro   0x00000000000034d2       0xee ./system/src/freeRTOS/gcc_arm_cm3/port.o
 .debug_macro   0x00000000000035c0      0x15a ./system/src/freeRTOS/gcc_arm_cm3/port.o
 .debug_macro   0x000000000000371a       0xe3 ./system/src/freeRTOS/gcc_arm_cm3/port.o
 .debug_macro   0x00000000000037fd       0x1c ./system/src/freeRTOS/gcc_arm_cm3/port.o
 .debug_macro   0x0000000000003819       0x26 ./system/src/freeRTOS/gcc_arm_cm3/port.o
 .debug_macro   0x000000000000383f      0x527 ./system/src/freeRTOS/gcc_arm_cm3/port.o
 .debug_macro   0x0000000000003d66       0xb5 ./system/src/freeRTOS/gcc_arm_cm3/port.o
 .debug_macro   0x0000000000003e1b      0x119 ./system/src/freeRTOS/gcc_arm_cm3/port.o
 .debug_macro   0x0000000000003f34      0x187 ./system/src/freeRTOS/MemMang/heap_5.o
 .debug_macro   0x00000000000040bb      0x16c ./system/src/freeRTOS/list.o
 .debug_macro   0x0000000000004227      0x24d ./system/src/freeRTOS/tasks.o
 .debug_macro   0x0000000000004474       0x10 ./system/src/freeRTOS/tasks.o
 .debug_macro   0x0000000000004484      0x243 ./system/src/cortexm/_initialize_hardware.o
 .debug_macro   0x00000000000046c7      0x340 ./system/src/cortexm/exception_handlers.o
 .debug_macro   0x0000000000004a07       0x22 ./system/src/cortexm/exception_handlers.o
 .debug_macro   0x0000000000004a29      0x263 ./system/src/cmsis/system_gd32f10x.o
 .debug_macro   0x0000000000004c8c       0x34 ./system/src/cmsis/vectors_stm32f10x.o
 .debug_macro   0x0000000000004cc0      0x395 ./src/main.o
 .debug_macro   0x0000000000005055       0x16 ./src/main.o
 .debug_macro   0x000000000000506b       0x97 ./src/main.o
 .debug_macro   0x0000000000005102       0xfd ./src/main.o
 .debug_macro   0x00000000000051ff       0x10 ./src/main.o
 .debug_macro   0x000000000000520f       0x16 ./src/main.o
 .debug_macro   0x0000000000005225      0x16f ./src/main.o
